// Jest Snapshot v1, https://goo.gl/fbAQLP

exports[`ProductImage Test should show the component with its custom title 1`] = `
<img
  alt="Product"
  className="productImg undefined"
  src="https://hola.jpg"
/>
`;

exports[`ProductImage Test should show the component with its product name 1`] = `
<div
  className="productCard undefined"
>
  <span
    className="productDescription undefined"
  >
    Product Card con imagen
  </span>
</div>
`;
