// Jest Snapshot v1, https://goo.gl/fbAQLP

exports[`ProductTitle Test should show the component with its custom title 1`] = `
<span
  className="productDescription custom-class"
>
  Custom Product
</span>
`;

exports[`ProductTitle Test should show the component with its product name 1`] = `
<div
  className="productCard undefined"
>
  <span
    className="productDescription undefined"
  >
    Product Card sin imagen
  </span>
</div>
`;
